src/components/DashboardView.tsx(3,1): error TS6133: 'AgentState' is declared but its value is never read.
src/components/IngestionView.tsx(3,1): error TS6133: 'AgentState' is declared but its value is never read.
src/components/SimulationReport.tsx(2,1): error TS6133: 'AgentState' is declared but its value is never read.
src/components/TimelineView.tsx(2,1): error TS6133: 'AgentState' is declared but its value is never read.
